
> rest-express@1.0.0 build
> vite build && esbuild server/index.ts --platform=node --packages=external --bundle --format=esm --outdir=dist

[36mvite v5.4.19 [32mbuilding for production...[36m[39m
transforming...
node.exe : Browserslist: browsers data 
(caniuse-lite) is 16 months old. Please run:
At line:1 char:1
+ & "C:\Program Files\nodejs/node.exe" 
"C:\Program Files\nodejs/node_mo ...
+ ~~~~~~~~~~~~~~~~~~~~~~~~~~~~~~~~~~~~~~~~~~~~
~~~~~~~~~~~~~~~~~~~~~~~~~
    + CategoryInfo          : NotSpecified: ( 
   Browserslist: b...ld. Please run::String)  
   [], RemoteException
    + FullyQualifiedErrorId : NativeCommandEr 
   ror
 
  npx update-browserslist-db@latest
  Why you should do it regularly: https://gith
ub.com/browserslist/update-db#readme
[32mΓ£ô[39m 5 modules transformed.
[31mx[39m Build failed in 770ms
[31merror during build:
[31m[vite:css] [postcss] C:/Users/asif6/Docum
ents/SiwahtVideo16/client/src/index.css:211:5:
 The `from-[hsl(234,` class does not exist. 
If `from-[hsl(234,` is a custom class, make 
sure it is defined within a `@layer` 
directive.[31m
file: [36mC:/Users/asif6/Documents/SiwahtVide
o16/client/src/index.css:211:4[31m
    at Input.error (C:\Users\asif6\Documents\S
iwahtVideo16\node_modules\postcss\lib\input.js
:106:16)
    at AtRule.error (C:\Users\asif6\Documents\
SiwahtVideo16\node_modules\postcss\lib\node.js
:115:32)
    at processApply (C:\Users\asif6\Documents\
SiwahtVideo16\node_modules\tailwindcss\lib\lib
\expandApplyAtRules.js:380:29)
    at C:\Users\asif6\Documents\SiwahtVideo16\
node_modules\tailwindcss\lib\lib\expandApplyAt
Rules.js:551:9
    at C:\Users\asif6\Documents\SiwahtVideo16\
node_modules\tailwindcss\lib\processTailwindFe
atures.js:55:50
    at async plugins (C:\Users\asif6\Documents
\SiwahtVideo16\node_modules\tailwindcss\lib\pl
ugin.js:38:17)
    at async LazyResult.runAsync (C:\Users\asi
f6\Documents\SiwahtVideo16\node_modules\postcs
s\lib\lazy-result.js:261:11)
    at async compileCSS (file:///C:/Users/asif
6/Documents/SiwahtVideo16/node_modules/vite/di
st/node/chunks/dep-C6uTJdX2.js:36898:21)
    at async Object.transform (file:///C:/User
s/asif6/Documents/SiwahtVideo16/node_modules/v
ite/dist/node/chunks/dep-C6uTJdX2.js:36171:11)
    at async transform (file:///C:/Users/asif6
/Documents/SiwahtVideo16/node_modules/rollup/d
ist/es/shared/node-entry.js:19640:16)[39m
