server/index.ts(80,16): error TS1378: Top-level 'await' expressions are only allowed when the 'module' option is set to 'es2022', 'esnext', 'system', 'node16', 'nodenext', or 'preserve', and the 'target' option is set to 'es2017' or higher.
server/index.ts(94,3): error TS1378: Top-level 'await' expressions are only allowed when the 'module' option is set to 'es2022', 'esnext', 'system', 'node16', 'nodenext', or 'preserve', and the 'target' option is set to 'es2017' or higher.
